// Jest Snapshot v1, https://goo.gl/fbAQLP

exports[`Button render 1`] = `
<button
  class="btn btn-default"
  type="button"
>
  test_btn
</button>
`;
